"Starting Vite..." 

> anant-portfolio@1.0.0 dev
> vite


  [32m[1mVITE[22m v5.4.21[39m  [2mready in [0m[1m494[22m[2m[0m ms[22m

  [32m➜[39m  [1mLocal[22m:   [36mhttp://localhost:[1m5173[22m/[39m
  [32m➜[39m  [1mNetwork[22m: [36mhttp://10.98.154.140:[1m5173[22m/[39m
[2m4:42:39 am[22m [36m[1m[vite][22m[39m [32mhmr update [39m[2m/@fs/C:/Users/maste/Desktop/portfolio/src/components/Hero.jsx, /@fs/C:/Users/maste/Desktop/portfolio/src/index.css[22m
[2m4:42:41 am[22m [36m[1m[vite][22m[39m [32mhmr update [39m[2m/@fs/C:/Users/maste/Desktop/portfolio/src/index.css[22m
[2m4:43:09 am[22m [36m[1m[vite][22m[39m [32mhmr update [39m[2m/@fs/C:/Users/maste/Desktop/portfolio/src/App.jsx, /@fs/C:/Users/maste/Desktop/portfolio/src/index.css[22m
[2m4:43:14 am[22m [36m[1m[vite][22m[39m [32mhmr update [39m[2m/@fs/C:/Users/maste/Desktop/portfolio/src/components/Hero.jsx, /@fs/C:/Users/maste/Desktop/portfolio/src/index.css[22m
[2m4:43:16 am[22m [36m[1m[vite][22m[39m [32mhmr update [39m[2m/@fs/C:/Users/maste/Desktop/portfolio/src/index.css[22m
[2m4:43:47 am[22m [36m[1m[vite][22m[39m [32mhmr update [39m[2m/@fs/C:/Users/maste/Desktop/portfolio/src/components/Navbar.jsx, /@fs/C:/Users/maste/Desktop/portfolio/src/index.css[22m
[2m4:43:49 am[22m [36m[1m[vite][22m[39m [32mhmr update [39m[2m/@fs/C:/Users/maste/Desktop/portfolio/src/index.css[22m
[2m5:00:45 am[22m [36m[1m[vite][22m[39m [32mhmr update [39m[2m/@fs/C:/Users/maste/Desktop/portfolio/src/index.css[22m
[2m5:00:46 am[22m [36m[1m[vite][22m[39m [32mhmr update [39m[2m/@fs/C:/Users/maste/Desktop/portfolio/src/App.jsx, /@fs/C:/Users/maste/Desktop/portfolio/src/index.css[22m
[2m5:01:16 am[22m [36m[1m[vite][22m[39m [32mhmr update [39m[2m/@fs/C:/Users/maste/Desktop/portfolio/src/components/Hero.jsx, /@fs/C:/Users/maste/Desktop/portfolio/src/index.css[22m
[2m5:01:35 am[22m [36m[1m[vite][22m[39m [32mhmr update [39m[2m/@fs/C:/Users/maste/Desktop/portfolio/src/components/Projects.jsx, /@fs/C:/Users/maste/Desktop/portfolio/src/index.css[22m
[2m5:01:37 am[22m [36m[1m[vite][22m[39m [32mhmr update [39m[2m/@fs/C:/Users/maste/Desktop/portfolio/src/index.css[22m
[2m5:01:57 am[22m [36m[1m[vite][22m[39m [32mhmr update [39m[2m/@fs/C:/Users/maste/Desktop/portfolio/src/components/TechStack.jsx, /@fs/C:/Users/maste/Desktop/portfolio/src/index.css[22m
[2m5:01:59 am[22m [36m[1m[vite][22m[39m [32mhmr update [39m[2m/@fs/C:/Users/maste/Desktop/portfolio/src/index.css[22m
[2m5:07:48 am[22m [36m[1m[vite][22m[39m [32mhmr update [39m[2m/@fs/C:/Users/maste/Desktop/portfolio/src/components/Hero.jsx, /@fs/C:/Users/maste/Desktop/portfolio/src/index.css[22m
[2m5:12:49 am[22m [36m[1m[vite][22m[39m [32mhmr update [39m[2m/@fs/C:/Users/maste/Desktop/portfolio/src/App.jsx, /@fs/C:/Users/maste/Desktop/portfolio/src/index.css[22m
[2m5:13:00 am[22m [36m[1m[vite][22m[39m [32mhmr update [39m[2m/@fs/C:/Users/maste/Desktop/portfolio/src/components/Navbar.jsx, /@fs/C:/Users/maste/Desktop/portfolio/src/index.css[22m
[2m5:13:00 am[22m [31m[1m[vite][22m[39m [31mInternal server error: C:\Users\maste\Desktop\portfolio\src\components\Navbar.jsx: Unterminated JSX contents. (95:10)

[0m [90m 93 |[31m         [33m<[31m[33m/[31m[33mdiv[31m[33m>[31m
 [90m 94 |[31m       )}
[31m[1m>[22m[31m[90m 95 |[31m     [33m<[31m[33m/[31m[33mnav[31m[33m>[31m
 [90m    |[31m           [31m[1m^[22m[31m
 [90m 96 |[31m   )
 [90m 97 |[31m }
 [90m 98 |[31m[0m[39m
  Plugin: [35mvite:react-babel[39m
  File: [36mC:/Users/maste/Desktop/portfolio/src/components/Navbar.jsx[39m:95:10
[33m  93 |          </div>
  94 |        )}
  95 |      </nav>
     |            ^
  96 |    )
  97 |  }[39m
      at constructor (c:\Users\maste\Desktop\portfolio\node_modules\@babel\parser\lib\index.js:365:19)
      at JSXParserMixin.raise (c:\Users\maste\Desktop\portfolio\node_modules\@babel\parser\lib\index.js:6599:19)
      at JSXParserMixin.jsxReadToken (c:\Users\maste\Desktop\portfolio\node_modules\@babel\parser\lib\index.js:4448:20)
      at JSXParserMixin.getTokenFromCode (c:\Users\maste\Desktop\portfolio\node_modules\@babel\parser\lib\index.js:4774:12)
      at JSXParserMixin.nextToken (c:\Users\maste\Desktop\portfolio\node_modules\@babel\parser\lib\index.js:5782:10)
      at JSXParserMixin.next (c:\Users\maste\Desktop\portfolio\node_modules\@babel\parser\lib\index.js:5692:10)
      at JSXParserMixin.eat (c:\Users\maste\Desktop\portfolio\node_modules\@babel\parser\lib\index.js:5696:12)
      at JSXParserMixin.expect (c:\Users\maste\Desktop\portfolio\node_modules\@babel\parser\lib\index.js:6898:15)
      at JSXParserMixin.jsxParseClosingElementAt (c:\Users\maste\Desktop\portfolio\node_modules\@babel\parser\lib\index.js:4680:10)
      at JSXParserMixin.jsxParseElementAt (c:\Users\maste\Desktop\portfolio\node_modules\@babel\parser\lib\index.js:4695:37)
      at JSXParserMixin.jsxParseElementAt (c:\Users\maste\Desktop\portfolio\node_modules\@babel\parser\lib\index.js:4698:32)
      at JSXParserMixin.jsxParseElement (c:\Users\maste\Desktop\portfolio\node_modules\@babel\parser\lib\index.js:4749:17)
      at JSXParserMixin.parseExprAtom (c:\Users\maste\Desktop\portfolio\node_modules\@babel\parser\lib\index.js:4759:19)
      at JSXParserMixin.parseExprSubscripts (c:\Users\maste\Desktop\portfolio\node_modules\@babel\parser\lib\index.js:11081:23)
      at JSXParserMixin.parseUpdate (c:\Users\maste\Desktop\portfolio\node_modules\@babel\parser\lib\index.js:11066:21)
      at JSXParserMixin.parseMaybeUnary (c:\Users\maste\Desktop\portfolio\node_modules\@babel\parser\lib\index.js:11046:23)
      at JSXParserMixin.parseMaybeUnaryOrPrivate (c:\Users\maste\Desktop\portfolio\node_modules\@babel\parser\lib\index.js:10899:61)
      at JSXParserMixin.parseExprOps (c:\Users\maste\Desktop\portfolio\node_modules\@babel\parser\lib\index.js:10904:23)
      at JSXParserMixin.parseMaybeConditional (c:\Users\maste\Desktop\portfolio\node_modules\@babel\parser\lib\index.js:10881:23)
      at JSXParserMixin.parseMaybeAssign (c:\Users\maste\Desktop\portfolio\node_modules\@babel\parser\lib\index.js:10831:21)
      at c:\Users\maste\Desktop\portfolio\node_modules\@babel\parser\lib\index.js:10800:39
      at JSXParserMixin.allowInAnd (c:\Users\maste\Desktop\portfolio\node_modules\@babel\parser\lib\index.js:12426:12)
      at JSXParserMixin.parseMaybeAssignAllowIn (c:\Users\maste\Desktop\portfolio\node_modules\@babel\parser\lib\index.js:10800:17)
      at JSXParserMixin.parseMaybeAssignAllowInOrVoidPattern (c:\Users\maste\Desktop\portfolio\node_modules\@babel\parser\lib\index.js:12493:17)
      at JSXParserMixin.parseParenAndDistinguishExpression (c:\Users\maste\Desktop\portfolio\node_modules\@babel\parser\lib\index.js:11675:28)
      at JSXParserMixin.parseExprAtom (c:\Users\maste\Desktop\portfolio\node_modules\@babel\parser\lib\index.js:11331:23)
      at JSXParserMixin.parseExprAtom (c:\Users\maste\Desktop\portfolio\node_modules\@babel\parser\lib\index.js:4764:20)
      at JSXParserMixin.parseExprSubscripts (c:\Users\maste\Desktop\portfolio\node_modules\@babel\parser\lib\index.js:11081:23)
      at JSXParserMixin.parseUpdate (c:\Users\maste\Desktop\portfolio\node_modules\@babel\parser\lib\index.js:11066:21)
      at JSXParserMixin.parseMaybeUnary (c:\Users\maste\Desktop\portfolio\node_modules\@babel\parser\lib\index.js:11046:23)
      at JSXParserMixin.parseMaybeUnaryOrPrivate (c:\Users\maste\Desktop\portfolio\node_modules\@babel\parser\lib\index.js:10899:61)
      at JSXParserMixin.parseExprOps (c:\Users\maste\Desktop\portfolio\node_modules\@babel\parser\lib\index.js:10904:23)
      at JSXParserMixin.parseMaybeConditional (c:\Users\maste\Desktop\portfolio\node_modules\@babel\parser\lib\index.js:10881:23)
      at JSXParserMixin.parseMaybeAssign (c:\Users\maste\Desktop\portfolio\node_modules\@babel\parser\lib\index.js:10831:21)
      at JSXParserMixin.parseExpressionBase (c:\Users\maste\Desktop\portfolio\node_modules\@babel\parser\lib\index.js:10784:23)
      at c:\Users\maste\Desktop\portfolio\node_modules\@babel\parser\lib\index.js:10780:39
      at JSXParserMixin.allowInAnd (c:\Users\maste\Desktop\portfolio\node_modules\@babel\parser\lib\index.js:12421:16)
      at JSXParserMixin.parseExpression (c:\Users\maste\Desktop\portfolio\node_modules\@babel\parser\lib\index.js:10780:17)
      at JSXParserMixin.parseReturnStatement (c:\Users\maste\Desktop\portfolio\node_modules\@babel\parser\lib\index.js:13142:28)
      at JSXParserMixin.parseStatementContent (c:\Users\maste\Desktop\portfolio\node_modules\@babel\parser\lib\index.js:12798:21)
      at JSXParserMixin.parseStatementLike (c:\Users\maste\Desktop\portfolio\node_modules\@babel\parser\lib\index.js:12767:17)
      at JSXParserMixin.parseStatementListItem (c:\Users\maste\Desktop\portfolio\node_modules\@babel\parser\lib\index.js:12747:17)
      at JSXParserMixin.parseBlockOrModuleBlockBody (c:\Users\maste\Desktop\portfolio\node_modules\@babel\parser\lib\index.js:13316:61)
      at JSXParserMixin.parseBlockBody (c:\Users\maste\Desktop\portfolio\node_modules\@babel\parser\lib\index.js:13309:10)
      at JSXParserMixin.parseBlock (c:\Users\maste\Desktop\portfolio\node_modules\@babel\parser\lib\index.js:13297:10)
      at JSXParserMixin.parseFunctionBody (c:\Users\maste\Desktop\portfolio\node_modules\@babel\parser\lib\index.js:12100:24)
      at JSXParserMixin.parseFunctionBodyAndFinish (c:\Users\maste\Desktop\portfolio\node_modules\@babel\parser\lib\index.js:12086:10)
      at c:\Users\maste\Desktop\portfolio\node_modules\@babel\parser\lib\index.js:13445:12
      at JSXParserMixin.withSmartMixTopicForbiddingContext (c:\Users\maste\Desktop\portfolio\node_modules\@babel\parser\lib\index.js:12403:14)
      at JSXParserMixin.parseFunction (c:\Users\maste\Desktop\portfolio\node_modules\@babel\parser\lib\index.js:13444:10)
[2m5:13:09 am[22m [36m[1m[vite][22m[39m [32mhmr update [39m[2m/@fs/C:/Users/maste/Desktop/portfolio/src/components/Hero.jsx, /@fs/C:/Users/maste/Desktop/portfolio/src/index.css[22m
[2m5:13:11 am[22m [36m[1m[vite][22m[39m [32mhmr update [39m[2m/@fs/C:/Users/maste/Desktop/portfolio/src/index.css[22m
[2m5:13:38 am[22m [36m[1m[vite][22m[39m [32mhmr update [39m[2m/@fs/C:/Users/maste/Desktop/portfolio/src/components/Navbar.jsx, /@fs/C:/Users/maste/Desktop/portfolio/src/index.css[22m
[2m5:14:24 am[22m [36m[1m[vite][22m[39m [32mhmr update [39m[2m/@fs/C:/Users/maste/Desktop/portfolio/src/components/Projects.jsx, /@fs/C:/Users/maste/Desktop/portfolio/src/index.css[22m
[2m5:14:26 am[22m [36m[1m[vite][22m[39m [32mhmr update [39m[2m/@fs/C:/Users/maste/Desktop/portfolio/src/components/Achievements.jsx, /@fs/C:/Users/maste/Desktop/portfolio/src/index.css[22m
[2m5:14:47 am[22m [36m[1m[vite][22m[39m [32mhmr update [39m[2m/@fs/C:/Users/maste/Desktop/portfolio/src/App.jsx, /@fs/C:/Users/maste/Desktop/portfolio/src/index.css[22m
[2m5:14:49 am[22m [36m[1m[vite][22m[39m [32mhmr update [39m[2m/@fs/C:/Users/maste/Desktop/portfolio/src/components/GitHubGraph.jsx, /@fs/C:/Users/maste/Desktop/portfolio/src/index.css[22m
[2m5:14:55 am[22m [36m[1m[vite][22m[39m [32mhmr update [39m[2m/@fs/C:/Users/maste/Desktop/portfolio/src/components/TechStack.jsx, /@fs/C:/Users/maste/Desktop/portfolio/src/index.css[22m
[2m5:14:57 am[22m [36m[1m[vite][22m[39m [32mhmr update [39m[2m/@fs/C:/Users/maste/Desktop/portfolio/src/index.css[22m
[2m5:15:35 am[22m [36m[1m[vite][22m[39m [32mhmr update [39m[2m/@fs/C:/Users/maste/Desktop/portfolio/src/index.css[22m
[2m5:23:41 am[22m [36m[1m[vite][22m[39m [32mhmr update [39m[2m/@fs/C:/Users/maste/Desktop/portfolio/src/App.jsx, /@fs/C:/Users/maste/Desktop/portfolio/src/index.css[22m
[2m5:23:59 am[22m [36m[1m[vite][22m[39m [32mhmr update [39m[2m/@fs/C:/Users/maste/Desktop/portfolio/src/components/Hero.jsx, /@fs/C:/Users/maste/Desktop/portfolio/src/index.css[22m
[2m5:23:59 am[22m [31m[1m[vite][22m[39m [31mInternal server error: C:\Users\maste\Desktop\portfolio\src\components\Hero.jsx: Missing semicolon. (27:13)

[0m [90m 25 |[31m [32m    setDots(Array.from({ length: 45 }).map((_, i) => ({[31m
 [90m 26 |[31m [32m      id: i,[31m
[31m[1m>[22m[31m[90m 27 |[31m [32m      left: `[31m${[33mMath[31m[33m.[31mrandom() [33m*[31m [35m100[31m}[33m%[31m[32m`,[31m
 [90m    |[31m              [31m[1m^[22m[31m
 [90m 28 |[31m [32m      top: `[31m${[33mMath[31m[33m.[31mrandom() [33m*[31m [35m100[31m}[33m%[31m[32m`,[31m
 [90m 29 |[31m [32m      size: `[31m${[35m2[31m [33m+[31m [33mMath[31m[33m.[31mrandom() [33m*[31m [35m2[31m}px[32m`,[31m
 [90m 30 |[31m [32m      duration: `[31m${[35m15[31m [33m+[31m [33mMath[31m[33m.[31mrandom() [33m*[31m [35m15[31m}s[32m`,[31m[0m[39m
  Plugin: [35mvite:react-babel[39m
  File: [36mC:/Users/maste/Desktop/portfolio/src/components/Hero.jsx[39m:27:13
[33m  25 |      setDots(Array.from({ length: 45 }).map((_, i) => ({
  26 |        id: i,
  27 |        left: `${Math.random() * 100}%`,
     |               ^
  28 |        top: `${Math.random() * 100}%`,
  29 |        size: `${2 + Math.random() * 2}px`,[39m
      at constructor (c:\Users\maste\Desktop\portfolio\node_modules\@babel\parser\lib\index.js:365:19)
      at JSXParserMixin.raise (c:\Users\maste\Desktop\portfolio\node_modules\@babel\parser\lib\index.js:6599:19)
      at JSXParserMixin.semicolon (c:\Users\maste\Desktop\portfolio\node_modules\@babel\parser\lib\index.js:6895:10)
      at JSXParserMixin.parseExpressionStatement (c:\Users\maste\Desktop\portfolio\node_modules\@babel\parser\lib\index.js:13285:10)
      at JSXParserMixin.parseStatementContent (c:\Users\maste\Desktop\portfolio\node_modules\@babel\parser\lib\index.js:12899:19)
      at JSXParserMixin.parseStatementLike (c:\Users\maste\Desktop\portfolio\node_modules\@babel\parser\lib\index.js:12767:17)
      at JSXParserMixin.parseModuleItem (c:\Users\maste\Desktop\portfolio\node_modules\@babel\parser\lib\index.js:12744:17)
      at JSXParserMixin.parseBlockOrModuleBlockBody (c:\Users\maste\Desktop\portfolio\node_modules\@babel\parser\lib\index.js:13316:36)
      at JSXParserMixin.parseBlockBody (c:\Users\maste\Desktop\portfolio\node_modules\@babel\parser\lib\index.js:13309:10)
      at JSXParserMixin.parseProgram (c:\Users\maste\Desktop\portfolio\node_modules\@babel\parser\lib\index.js:12622:10)
      at JSXParserMixin.parseTopLevel (c:\Users\maste\Desktop\portfolio\node_modules\@babel\parser\lib\index.js:12612:25)
      at JSXParserMixin.parse (c:\Users\maste\Desktop\portfolio\node_modules\@babel\parser\lib\index.js:14488:25)
      at parse (c:\Users\maste\Desktop\portfolio\node_modules\@babel\parser\lib\index.js:14522:38)
      at parser (c:\Users\maste\Desktop\portfolio\node_modules\@babel\core\lib\parser\index.js:41:34)
      at parser.next (<anonymous>)
      at normalizeFile (c:\Users\maste\Desktop\portfolio\node_modules\@babel\core\lib\transformation\normalize-file.js:64:37)
      at normalizeFile.next (<anonymous>)
      at run (c:\Users\maste\Desktop\portfolio\node_modules\@babel\core\lib\transformation\index.js:22:50)
      at run.next (<anonymous>)
      at transform (c:\Users\maste\Desktop\portfolio\node_modules\@babel\core\lib\transform.js:22:33)
      at transform.next (<anonymous>)
      at step (c:\Users\maste\Desktop\portfolio\node_modules\gensync\index.js:261:32)
      at c:\Users\maste\Desktop\portfolio\node_modules\gensync\index.js:273:13
      at async.call.result.err.err (c:\Users\maste\Desktop\portfolio\node_modules\gensync\index.js:223:11)
      at c:\Users\maste\Desktop\portfolio\node_modules\gensync\index.js:189:28
      at c:\Users\maste\Desktop\portfolio\node_modules\@babel\core\lib\gensync-utils\async.js:67:7
      at c:\Users\maste\Desktop\portfolio\node_modules\gensync\index.js:113:33
      at step (c:\Users\maste\Desktop\portfolio\node_modules\gensync\index.js:287:14)
      at c:\Users\maste\Desktop\portfolio\node_modules\gensync\index.js:273:13
      at async.call.result.err.err (c:\Users\maste\Desktop\portfolio\node_modules\gensync\index.js:223:11)
[2m5:24:00 am[22m [36m[1m[vite][22m[39m [32mhmr update [39m[2m/@fs/C:/Users/maste/Desktop/portfolio/src/index.css[22m
[2m5:24:12 am[22m [36m[1m[vite][22m[39m [32mhmr update [39m[2m/@fs/C:/Users/maste/Desktop/portfolio/src/components/Hero.jsx, /@fs/C:/Users/maste/Desktop/portfolio/src/index.css[22m
[2m5:24:12 am[22m [31m[1m[vite][22m[39m [31mInternal server error: Failed to resolve import "react-scroll" from "src/components/Hero.jsx". Does the file exist?[39m
  Plugin: [35mvite:import-analysis[39m
  File: [36mC:/Users/maste/Desktop/portfolio/src/components/Hero.jsx[39m:2:21
[33m  17 |  var _s = $RefreshSig$();
  18 |  import { useEffect, useRef, useState } from "react";
  19 |  import { Link } from "react-scroll";
     |                        ^
  20 |  export default function Hero({ theme }) {
  21 |    _s();[39m
      at TransformPluginContext._formatError (file:///c:/Users/maste/Desktop/portfolio/node_modules/vite/dist/node/chunks/dep-BK3b2jBa.js:49258:41)
      at TransformPluginContext.error (file:///c:/Users/maste/Desktop/portfolio/node_modules/vite/dist/node/chunks/dep-BK3b2jBa.js:49253:16)
      at normalizeUrl (file:///c:/Users/maste/Desktop/portfolio/node_modules/vite/dist/node/chunks/dep-BK3b2jBa.js:64307:23)
      at process.processTicksAndRejections (node:internal/process/task_queues:105:5)
      at async file:///c:/Users/maste/Desktop/portfolio/node_modules/vite/dist/node/chunks/dep-BK3b2jBa.js:64439:39
      at async Promise.all (index 4)
      at async TransformPluginContext.transform (file:///c:/Users/maste/Desktop/portfolio/node_modules/vite/dist/node/chunks/dep-BK3b2jBa.js:64366:7)
      at async PluginContainer.transform (file:///c:/Users/maste/Desktop/portfolio/node_modules/vite/dist/node/chunks/dep-BK3b2jBa.js:49099:18)
      at async loadAndTransform (file:///c:/Users/maste/Desktop/portfolio/node_modules/vite/dist/node/chunks/dep-BK3b2jBa.js:51978:27)
      at async viteTransformMiddleware (file:///c:/Users/maste/Desktop/portfolio/node_modules/vite/dist/node/chunks/dep-BK3b2jBa.js:62106:24)
[2m5:24:32 am[22m [36m[1m[vite][22m[39m [32mhmr update [39m[2m/@fs/C:/Users/maste/Desktop/portfolio/src/components/Projects.jsx, /@fs/C:/Users/maste/Desktop/portfolio/src/index.css[22m
[2m5:24:34 am[22m [36m[1m[vite][22m[39m [32mhmr update [39m[2m/@fs/C:/Users/maste/Desktop/portfolio/src/components/Achievements.jsx, /@fs/C:/Users/maste/Desktop/portfolio/src/index.css[22m
[2m5:24:36 am[22m [36m[1m[vite][22m[39m [32mhmr update [39m[2m/@fs/C:/Users/maste/Desktop/portfolio/src/components/GitHubGraph.jsx, /@fs/C:/Users/maste/Desktop/portfolio/src/index.css[22m
[2m5:24:38 am[22m [36m[1m[vite][22m[39m [32mhmr update [39m[2m/@fs/C:/Users/maste/Desktop/portfolio/src/index.css[22m
[2m5:24:38 am[22m [31m[1m[vite][22m[39m [31mInternal server error: [postcss] C:/Users/maste/Desktop/portfolio/src/index.css:8:1: `@layer base` is used but no matching `@tailwind base` directive is present.[39m
  Plugin: [35mvite:css[39m
  File: [36mC:/Users/maste/Desktop/portfolio/src/index.css[39m:8:0
[33m  6  |  }
  7  |  
  8  |  @layer base {
     |  ^
  9  |    * {
  10 |      box-sizing: border-box;[39m
      at Input.error (c:\Users\maste\Desktop\portfolio\node_modules\postcss\lib\input.js:135:16)
      at AtRule.error (c:\Users\maste\Desktop\portfolio\node_modules\postcss\lib\node.js:146:32)
      at normalizeTailwindDirectives (c:\Users\maste\Desktop\portfolio\node_modules\tailwindcss\lib\lib\normalizeTailwindDirectives.js:72:32)
      at c:\Users\maste\Desktop\portfolio\node_modules\tailwindcss\lib\processTailwindFeatures.js:29:98
      at plugins (c:\Users\maste\Desktop\portfolio\node_modules\tailwindcss\lib\plugin.js:38:69)
      at LazyResult.runOnRoot (c:\Users\maste\Desktop\portfolio\node_modules\postcss\lib\lazy-result.js:361:16)
      at LazyResult.runAsync (c:\Users\maste\Desktop\portfolio\node_modules\postcss\lib\lazy-result.js:290:26)
      at LazyResult.async (c:\Users\maste\Desktop\portfolio\node_modules\postcss\lib\lazy-result.js:192:30)
      at LazyResult.then (c:\Users\maste\Desktop\portfolio\node_modules\postcss\lib\lazy-result.js:436:17)
[2m5:25:00 am[22m [36m[1m[vite][22m[39m [32mhmr update [39m[2m/@fs/C:/Users/maste/Desktop/portfolio/src/components/Contact.jsx, /@fs/C:/Users/maste/Desktop/portfolio/src/index.css[22m
[2m5:25:00 am[22m [31m[1m[vite][22m[39m [31mInternal server error: [postcss] C:/Users/maste/Desktop/portfolio/src/index.css:8:1: `@layer base` is used but no matching `@tailwind base` directive is present.[39m
  Plugin: [35mvite:css[39m
  File: [36mC:/Users/maste/Desktop/portfolio/src/index.css[39m:8:0
[33m  6  |  }
  7  |  
  8  |  @layer base {
     |  ^
  9  |    * {
  10 |      box-sizing: border-box;[39m
      at Input.error (c:\Users\maste\Desktop\portfolio\node_modules\postcss\lib\input.js:135:16)
      at AtRule.error (c:\Users\maste\Desktop\portfolio\node_modules\postcss\lib\node.js:146:32)
      at normalizeTailwindDirectives (c:\Users\maste\Desktop\portfolio\node_modules\tailwindcss\lib\lib\normalizeTailwindDirectives.js:72:32)
      at c:\Users\maste\Desktop\portfolio\node_modules\tailwindcss\lib\processTailwindFeatures.js:29:98
      at plugins (c:\Users\maste\Desktop\portfolio\node_modules\tailwindcss\lib\plugin.js:38:69)
      at LazyResult.runOnRoot (c:\Users\maste\Desktop\portfolio\node_modules\postcss\lib\lazy-result.js:361:16)
      at LazyResult.runAsync (c:\Users\maste\Desktop\portfolio\node_modules\postcss\lib\lazy-result.js:290:26)
      at LazyResult.async (c:\Users\maste\Desktop\portfolio\node_modules\postcss\lib\lazy-result.js:192:30)
      at LazyResult.then (c:\Users\maste\Desktop\portfolio\node_modules\postcss\lib\lazy-result.js:436:17)
[2m5:25:40 am[22m [31m[1m[vite][22m[39m Pre-transform error: [postcss] C:/Users/maste/Desktop/portfolio/src/index.css:8:1: `@layer base` is used but no matching `@tailwind base` directive is present.
[2m5:25:40 am[22m [31m[1m[vite][22m[39m Pre-transform error: Failed to resolve import "react-scroll" from "src/components/Hero.jsx". Does the file exist?
[2m5:25:40 am[22m [31m[1m[vite][22m[39m [31mInternal server error: [postcss] C:/Users/maste/Desktop/portfolio/src/index.css:8:1: `@layer base` is used but no matching `@tailwind base` directive is present.[39m
  Plugin: [35mvite:css[39m
  File: [36mC:/Users/maste/Desktop/portfolio/src/index.css[39m:8:0
[33m  6  |  }
  7  |  
  8  |  @layer base {
     |  ^
  9  |    * {
  10 |      box-sizing: border-box;[39m
      at Input.error (c:\Users\maste\Desktop\portfolio\node_modules\postcss\lib\input.js:135:16)
      at AtRule.error (c:\Users\maste\Desktop\portfolio\node_modules\postcss\lib\node.js:146:32)
      at normalizeTailwindDirectives (c:\Users\maste\Desktop\portfolio\node_modules\tailwindcss\lib\lib\normalizeTailwindDirectives.js:72:32)
      at c:\Users\maste\Desktop\portfolio\node_modules\tailwindcss\lib\processTailwindFeatures.js:29:98
      at plugins (c:\Users\maste\Desktop\portfolio\node_modules\tailwindcss\lib\plugin.js:38:69)
      at LazyResult.runOnRoot (c:\Users\maste\Desktop\portfolio\node_modules\postcss\lib\lazy-result.js:361:16)
      at LazyResult.runAsync (c:\Users\maste\Desktop\portfolio\node_modules\postcss\lib\lazy-result.js:290:26)
      at LazyResult.async (c:\Users\maste\Desktop\portfolio\node_modules\postcss\lib\lazy-result.js:192:30)
      at LazyResult.then (c:\Users\maste\Desktop\portfolio\node_modules\postcss\lib\lazy-result.js:436:17)
[2m5:25:40 am[22m [31m[1m[vite][22m[39m [31mInternal server error: Failed to resolve import "react-scroll" from "src/components/Hero.jsx". Does the file exist?[39m
  Plugin: [35mvite:import-analysis[39m
  File: [36mC:/Users/maste/Desktop/portfolio/src/components/Hero.jsx[39m:2:21
[33m  17 |  var _s = $RefreshSig$();
  18 |  import { useEffect, useRef, useState } from "react";
  19 |  import { Link } from "react-scroll";
     |                        ^
  20 |  export default function Hero({ theme }) {
  21 |    _s();[39m
      at TransformPluginContext._formatError (file:///c:/Users/maste/Desktop/portfolio/node_modules/vite/dist/node/chunks/dep-BK3b2jBa.js:49258:41)
      at TransformPluginContext.error (file:///c:/Users/maste/Desktop/portfolio/node_modules/vite/dist/node/chunks/dep-BK3b2jBa.js:49253:16)
      at normalizeUrl (file:///c:/Users/maste/Desktop/portfolio/node_modules/vite/dist/node/chunks/dep-BK3b2jBa.js:64307:23)
      at process.processTicksAndRejections (node:internal/process/task_queues:105:5)
      at async file:///c:/Users/maste/Desktop/portfolio/node_modules/vite/dist/node/chunks/dep-BK3b2jBa.js:64439:39
      at async Promise.all (index 4)
      at async TransformPluginContext.transform (file:///c:/Users/maste/Desktop/portfolio/node_modules/vite/dist/node/chunks/dep-BK3b2jBa.js:64366:7)
      at async PluginContainer.transform (file:///c:/Users/maste/Desktop/portfolio/node_modules/vite/dist/node/chunks/dep-BK3b2jBa.js:49099:18)
      at async loadAndTransform (file:///c:/Users/maste/Desktop/portfolio/node_modules/vite/dist/node/chunks/dep-BK3b2jBa.js:51978:27)
      at async viteTransformMiddleware (file:///c:/Users/maste/Desktop/portfolio/node_modules/vite/dist/node/chunks/dep-BK3b2jBa.js:62106:24)
[2m5:26:11 am[22m [36m[1m[vite][22m[39m [32mhmr update [39m[2m/@fs/C:/Users/maste/Desktop/portfolio/src/App.jsx, /@fs/C:/Users/maste/Desktop/portfolio/src/index.css[22m
[2m5:26:12 am[22m [31m[1m[vite][22m[39m Pre-transform error: [postcss] C:/Users/maste/Desktop/portfolio/src/index.css:8:1: `@layer base` is used but no matching `@tailwind base` directive is present.
[2m5:26:12 am[22m [31m[1m[vite][22m[39m [31mInternal server error: [postcss] C:/Users/maste/Desktop/portfolio/src/index.css:8:1: `@layer base` is used but no matching `@tailwind base` directive is present.[39m
  Plugin: [35mvite:css[39m
  File: [36mC:/Users/maste/Desktop/portfolio/src/index.css[39m:8:0
[33m  6  |  }
  7  |  
  8  |  @layer base {
     |  ^
  9  |    * {
  10 |      box-sizing: border-box;[39m
      at Input.error (c:\Users\maste\Desktop\portfolio\node_modules\postcss\lib\input.js:135:16)
      at AtRule.error (c:\Users\maste\Desktop\portfolio\node_modules\postcss\lib\node.js:146:32)
      at normalizeTailwindDirectives (c:\Users\maste\Desktop\portfolio\node_modules\tailwindcss\lib\lib\normalizeTailwindDirectives.js:72:32)
      at c:\Users\maste\Desktop\portfolio\node_modules\tailwindcss\lib\processTailwindFeatures.js:29:98
      at plugins (c:\Users\maste\Desktop\portfolio\node_modules\tailwindcss\lib\plugin.js:38:69)
      at LazyResult.runOnRoot (c:\Users\maste\Desktop\portfolio\node_modules\postcss\lib\lazy-result.js:361:16)
      at LazyResult.runAsync (c:\Users\maste\Desktop\portfolio\node_modules\postcss\lib\lazy-result.js:290:26)
      at LazyResult.async (c:\Users\maste\Desktop\portfolio\node_modules\postcss\lib\lazy-result.js:192:30)
      at LazyResult.then (c:\Users\maste\Desktop\portfolio\node_modules\postcss\lib\lazy-result.js:436:17)
[2m5:26:27 am[22m [31m[1m[vite][22m[39m [31mInternal server error: [postcss] C:/Users/maste/Desktop/portfolio/src/index.css:8:1: `@layer base` is used but no matching `@tailwind base` directive is present.[39m
  Plugin: [35mvite:css[39m
  File: [36mC:/Users/maste/Desktop/portfolio/src/index.css[39m:8:0
[33m  6  |  }
  7  |  
  8  |  @layer base {
     |  ^
  9  |    * {
  10 |      box-sizing: border-box;[39m
      at Input.error (c:\Users\maste\Desktop\portfolio\node_modules\postcss\lib\input.js:135:16)
      at AtRule.error (c:\Users\maste\Desktop\portfolio\node_modules\postcss\lib\node.js:146:32)
      at normalizeTailwindDirectives (c:\Users\maste\Desktop\portfolio\node_modules\tailwindcss\lib\lib\normalizeTailwindDirectives.js:72:32)
      at c:\Users\maste\Desktop\portfolio\node_modules\tailwindcss\lib\processTailwindFeatures.js:29:98
      at plugins (c:\Users\maste\Desktop\portfolio\node_modules\tailwindcss\lib\plugin.js:38:69)
      at LazyResult.runOnRoot (c:\Users\maste\Desktop\portfolio\node_modules\postcss\lib\lazy-result.js:361:16)
      at LazyResult.runAsync (c:\Users\maste\Desktop\portfolio\node_modules\postcss\lib\lazy-result.js:290:26)
      at LazyResult.async (c:\Users\maste\Desktop\portfolio\node_modules\postcss\lib\lazy-result.js:192:30)
      at LazyResult.then (c:\Users\maste\Desktop\portfolio\node_modules\postcss\lib\lazy-result.js:436:17)
[2m5:26:28 am[22m [31m[1m[vite][22m[39m [31mInternal server error: [postcss] C:/Users/maste/Desktop/portfolio/src/index.css:8:1: `@layer base` is used but no matching `@tailwind base` directive is present.[39m
  Plugin: [35mvite:css[39m
  File: [36mC:/Users/maste/Desktop/portfolio/src/index.css[39m:8:0
[33m  6  |  }
  7  |  
  8  |  @layer base {
     |  ^
  9  |    * {
  10 |      box-sizing: border-box;[39m
      at Input.error (c:\Users\maste\Desktop\portfolio\node_modules\postcss\lib\input.js:135:16)
      at AtRule.error (c:\Users\maste\Desktop\portfolio\node_modules\postcss\lib\node.js:146:32)
      at normalizeTailwindDirectives (c:\Users\maste\Desktop\portfolio\node_modules\tailwindcss\lib\lib\normalizeTailwindDirectives.js:72:32)
      at c:\Users\maste\Desktop\portfolio\node_modules\tailwindcss\lib\processTailwindFeatures.js:29:98
      at plugins (c:\Users\maste\Desktop\portfolio\node_modules\tailwindcss\lib\plugin.js:38:69)
      at LazyResult.runOnRoot (c:\Users\maste\Desktop\portfolio\node_modules\postcss\lib\lazy-result.js:361:16)
      at LazyResult.runAsync (c:\Users\maste\Desktop\portfolio\node_modules\postcss\lib\lazy-result.js:290:26)
      at LazyResult.async (c:\Users\maste\Desktop\portfolio\node_modules\postcss\lib\lazy-result.js:192:30)
      at LazyResult.then (c:\Users\maste\Desktop\portfolio\node_modules\postcss\lib\lazy-result.js:436:17)
[2m5:26:54 am[22m [31m[1m[vite][22m[39m [31mInternal server error: [postcss] C:/Users/maste/Desktop/portfolio/src/index.css:8:1: `@layer base` is used but no matching `@tailwind base` directive is present.[39m
  Plugin: [35mvite:css[39m
  File: [36mC:/Users/maste/Desktop/portfolio/src/index.css[39m:8:0
[33m  6  |  }
  7  |  
  8  |  @layer base {
     |  ^
  9  |    * {
  10 |      box-sizing: border-box;[39m
      at Input.error (c:\Users\maste\Desktop\portfolio\node_modules\postcss\lib\input.js:135:16)
      at AtRule.error (c:\Users\maste\Desktop\portfolio\node_modules\postcss\lib\node.js:146:32)
      at normalizeTailwindDirectives (c:\Users\maste\Desktop\portfolio\node_modules\tailwindcss\lib\lib\normalizeTailwindDirectives.js:72:32)
      at c:\Users\maste\Desktop\portfolio\node_modules\tailwindcss\lib\processTailwindFeatures.js:29:98
      at plugins (c:\Users\maste\Desktop\portfolio\node_modules\tailwindcss\lib\plugin.js:38:69)
      at LazyResult.runOnRoot (c:\Users\maste\Desktop\portfolio\node_modules\postcss\lib\lazy-result.js:361:16)
      at LazyResult.runAsync (c:\Users\maste\Desktop\portfolio\node_modules\postcss\lib\lazy-result.js:290:26)
      at LazyResult.async (c:\Users\maste\Desktop\portfolio\node_modules\postcss\lib\lazy-result.js:192:30)
      at LazyResult.then (c:\Users\maste\Desktop\portfolio\node_modules\postcss\lib\lazy-result.js:436:17)
[2m5:27:15 am[22m [36m[1m[vite][22m[39m [32mhmr update [39m[2m/@fs/C:/Users/maste/Desktop/portfolio/src/index.css[22m
[2m5:29:23 am[22m [36m[1m[vite][22m[39m [32mhmr update [39m[2m/@fs/C:/Users/maste/Desktop/portfolio/src/index.css[22m
[2m5:29:48 am[22m [36m[1m[vite][22m[39m [32mhmr update [39m[2m/@fs/C:/Users/maste/Desktop/portfolio/src/components/Hero.jsx, /@fs/C:/Users/maste/Desktop/portfolio/src/index.css[22m
[2m5:29:50 am[22m [36m[1m[vite][22m[39m [32mhmr update [39m[2m/@fs/C:/Users/maste/Desktop/portfolio/src/components/Projects.jsx, /@fs/C:/Users/maste/Desktop/portfolio/src/index.css[22m
[2m5:30:53 am[22m [36m[1m[vite][22m[39m [32mhmr update [39m[2m/@fs/C:/Users/maste/Desktop/portfolio/src/index.css[22m
[2m5:30:54 am[22m [36m[1m[vite][22m[39m [32mhmr update [39m[2m/@fs/C:/Users/maste/Desktop/portfolio/src/components/Achievements.jsx, /@fs/C:/Users/maste/Desktop/portfolio/src/index.css[22m
[2m5:30:56 am[22m [36m[1m[vite][22m[39m [32mhmr update [39m[2m/@fs/C:/Users/maste/Desktop/portfolio/src/components/Navbar.jsx, /@fs/C:/Users/maste/Desktop/portfolio/src/index.css[22m
[2m5:31:17 am[22m [36m[1m[vite][22m[39m [32mhmr update [39m[2m/@fs/C:/Users/maste/Desktop/portfolio/src/components/Contact.jsx, /@fs/C:/Users/maste/Desktop/portfolio/src/index.css[22m
[2m5:34:14 am[22m [36m[1m[vite][22m[39m [32mhmr update [39m[2m/@fs/C:/Users/maste/Desktop/portfolio/src/index.css[22m
[2m5:34:16 am[22m [36m[1m[vite][22m[39m [32mhmr update [39m[2m/@fs/C:/Users/maste/Desktop/portfolio/src/App.jsx, /@fs/C:/Users/maste/Desktop/portfolio/src/index.css[22m
[2m5:34:18 am[22m [36m[1m[vite][22m[39m [32mpage reload [39m[2mindex.html[22m
[2m5:41:55 am[22m [36m[1m[vite][22m[39m [32mhmr update [39m[2m/@fs/C:/Users/maste/Desktop/portfolio/src/components/Hero.jsx, /@fs/C:/Users/maste/Desktop/portfolio/src/index.css[22m
[2m5:41:57 am[22m [36m[1m[vite][22m[39m [32mhmr update [39m[2m/@fs/C:/Users/maste/Desktop/portfolio/src/components/GitHubGraph.jsx, /@fs/C:/Users/maste/Desktop/portfolio/src/index.css[22m
[2m5:46:22 am[22m [36m[1m[vite][22m[39m [32mhmr update [39m[2m/@fs/C:/Users/maste/Desktop/portfolio/src/components/Hero.jsx, /@fs/C:/Users/maste/Desktop/portfolio/src/index.css[22m
[2m5:46:24 am[22m [36m[1m[vite][22m[39m [32mhmr update [39m[2m/@fs/C:/Users/maste/Desktop/portfolio/src/components/GitHubGraph.jsx, /@fs/C:/Users/maste/Desktop/portfolio/src/index.css[22m
[2m6:05:12 am[22m [36m[1m[vite][22m[39m [32mhmr update [39m[2m/@fs/C:/Users/maste/Desktop/portfolio/src/index.css[22m
[2m6:05:15 am[22m [36m[1m[vite][22m[39m [32mhmr update [39m[2m/@fs/C:/Users/maste/Desktop/portfolio/src/components/Hero.jsx, /@fs/C:/Users/maste/Desktop/portfolio/src/index.css[22m
[2m6:05:17 am[22m [36m[1m[vite][22m[39m [32mhmr update [39m[2m/@fs/C:/Users/maste/Desktop/portfolio/src/components/Projects.jsx, /@fs/C:/Users/maste/Desktop/portfolio/src/index.css[22m
[2m6:05:19 am[22m [36m[1m[vite][22m[39m [32mhmr update [39m[2m/@fs/C:/Users/maste/Desktop/portfolio/src/components/Achievements.jsx, /@fs/C:/Users/maste/Desktop/portfolio/src/index.css[22m
[2m6:05:59 am[22m [36m[1m[vite][22m[39m [32mhmr update [39m[2m/@fs/C:/Users/maste/Desktop/portfolio/src/index.css[22m
[2m6:06:02 am[22m [36m[1m[vite][22m[39m [32mhmr update [39m[2m/@fs/C:/Users/maste/Desktop/portfolio/src/components/Projects.jsx, /@fs/C:/Users/maste/Desktop/portfolio/src/index.css[22m
[2m6:06:06 am[22m [36m[1m[vite][22m[39m [32mhmr update [39m[2m/@fs/C:/Users/maste/Desktop/portfolio/src/components/Navbar.jsx, /@fs/C:/Users/maste/Desktop/portfolio/src/index.css[22m
[2m6:06:09 am[22m [36m[1m[vite][22m[39m [32mhmr update [39m[2m/@fs/C:/Users/maste/Desktop/portfolio/src/components/Hero.jsx, /@fs/C:/Users/maste/Desktop/portfolio/src/index.css[22m
[2m6:06:12 am[22m [36m[1m[vite][22m[39m [32mhmr update [39m[2m/@fs/C:/Users/maste/Desktop/portfolio/src/components/Contact.jsx, /@fs/C:/Users/maste/Desktop/portfolio/src/index.css[22m
[2m6:09:00 am[22m [36m[1m[vite][22m[39m [32mhmr update [39m[2m/@fs/C:/Users/maste/Desktop/portfolio/src/index.css[22m
[2m6:09:02 am[22m [36m[1m[vite][22m[39m [32mhmr update [39m[2m/@fs/C:/Users/maste/Desktop/portfolio/src/App.jsx, /@fs/C:/Users/maste/Desktop/portfolio/src/index.css[22m
[2m6:09:04 am[22m [36m[1m[vite][22m[39m [32mhmr update [39m[2m/@fs/C:/Users/maste/Desktop/portfolio/src/components/Hero.jsx, /@fs/C:/Users/maste/Desktop/portfolio/src/index.css[22m
[2m6:10:16 am[22m [36m[1m[vite][22m[39m [32mhmr update [39m[2m/@fs/C:/Users/maste/Desktop/portfolio/src/components/Navbar.jsx, /@fs/C:/Users/maste/Desktop/portfolio/src/index.css[22m
[2m6:10:18 am[22m [36m[1m[vite][22m[39m [32mhmr update [39m[2m/@fs/C:/Users/maste/Desktop/portfolio/src/components/Hero.jsx, /@fs/C:/Users/maste/Desktop/portfolio/src/index.css[22m
[2m6:10:45 am[22m [36m[1m[vite][22m[39m [32mhmr update [39m[2m/@fs/C:/Users/maste/Desktop/portfolio/src/components/Projects.jsx, /@fs/C:/Users/maste/Desktop/portfolio/src/index.css[22m
[2m6:10:51 am[22m [36m[1m[vite][22m[39m [32mhmr update [39m[2m/@fs/C:/Users/maste/Desktop/portfolio/src/components/Achievements.jsx, /@fs/C:/Users/maste/Desktop/portfolio/src/index.css[22m
[2m6:10:55 am[22m [36m[1m[vite][22m[39m [32mhmr update [39m[2m/@fs/C:/Users/maste/Desktop/portfolio/src/components/Contact.jsx, /@fs/C:/Users/maste/Desktop/portfolio/src/index.css[22m
[2m6:10:59 am[22m [36m[1m[vite][22m[39m [32mhmr update [39m[2m/@fs/C:/Users/maste/Desktop/portfolio/src/App.jsx, /@fs/C:/Users/maste/Desktop/portfolio/src/index.css[22m
[2m6:11:01 am[22m [36m[1m[vite][22m[39m [32mhmr update [39m[2m/@fs/C:/Users/maste/Desktop/portfolio/src/index.css[22m
[2m6:14:58 am[22m [36m[1m[vite][22m[39m [32mhmr update [39m[2m/@fs/C:/Users/maste/Desktop/portfolio/src/components/Hero.jsx, /@fs/C:/Users/maste/Desktop/portfolio/src/index.css[22m
[2m6:18:26 am[22m [36m[1m[vite][22m[39m [32mhmr update [39m[2m/@fs/C:/Users/maste/Desktop/portfolio/src/components/Hero.jsx, /@fs/C:/Users/maste/Desktop/portfolio/src/index.css[22m
[2m6:18:28 am[22m [36m[1m[vite][22m[39m [32mhmr update [39m[2m/@fs/C:/Users/maste/Desktop/portfolio/src/index.css[22m
[2m6:23:26 am[22m [36m[1m[vite][22m[39m [32mhmr update [39m[2m/@fs/C:/Users/maste/Desktop/portfolio/src/components/Hero.jsx, /@fs/C:/Users/maste/Desktop/portfolio/src/index.css[22m
[2m6:26:13 am[22m [36m[1m[vite][22m[39m [32mhmr update [39m[2m/@fs/C:/Users/maste/Desktop/portfolio/src/components/Hero.jsx, /@fs/C:/Users/maste/Desktop/portfolio/src/index.css[22m
[2m6:30:17 am[22m [36m[1m[vite][22m[39m [32mhmr update [39m[2m/@fs/C:/Users/maste/Desktop/portfolio/src/App.jsx, /@fs/C:/Users/maste/Desktop/portfolio/src/index.css[22m
[2m6:31:06 am[22m [36m[1m[vite][22m[39m [32mhmr update [39m[2m/@fs/C:/Users/maste/Desktop/portfolio/src/components/Hero.jsx, /@fs/C:/Users/maste/Desktop/portfolio/src/index.css[22m
[2m6:31:08 am[22m [36m[1m[vite][22m[39m [32mhmr update [39m[2m/@fs/C:/Users/maste/Desktop/portfolio/src/index.css[22m
[2m6:43:22 am[22m [36m[1m[vite][22m[39m [32mhmr update [39m[2m/@fs/C:/Users/maste/Desktop/portfolio/src/App.jsx, /@fs/C:/Users/maste/Desktop/portfolio/src/index.css[22m
[2m6:43:24 am[22m [36m[1m[vite][22m[39m [32mhmr update [39m[2m/@fs/C:/Users/maste/Desktop/portfolio/src/components/Hero.jsx, /@fs/C:/Users/maste/Desktop/portfolio/src/index.css[22m
[2m6:47:09 am[22m [36m[1m[vite][22m[39m [32mhmr update [39m[2m/@fs/C:/Users/maste/Desktop/portfolio/src/index.css[22m
[2m6:47:39 am[22m [36m[1m[vite][22m[39m [32mhmr update [39m[2m/@fs/C:/Users/maste/Desktop/portfolio/src/index.css[22m
[2m6:49:27 am[22m [36m[1m[vite][22m[39m [32mhmr update [39m[2m/@fs/C:/Users/maste/Desktop/portfolio/src/index.css[22m
[2m6:49:29 am[22m [36m[1m[vite][22m[39m [32mhmr update [39m[2m/@fs/C:/Users/maste/Desktop/portfolio/src/index.css[22m
[2m6:55:58 am[22m [36m[1m[vite][22m[39m [32mhmr update [39m[2m/@fs/C:/Users/maste/Desktop/portfolio/src/components/GitHubGraph.jsx, /@fs/C:/Users/maste/Desktop/portfolio/src/index.css[22m
[2m6:56:00 am[22m [36m[1m[vite][22m[39m [32mhmr update [39m[2m/@fs/C:/Users/maste/Desktop/portfolio/src/components/Hero.jsx, /@fs/C:/Users/maste/Desktop/portfolio/src/index.css[22m
[2m7:01:02 am[22m [36m[1m[vite][22m[39m [32mhmr update [39m[2m/@fs/C:/Users/maste/Desktop/portfolio/src/components/Hero.jsx, /@fs/C:/Users/maste/Desktop/portfolio/src/index.css[22m
[2m7:10:45 am[22m [36m[1m[vite][22m[39m [32mhmr update [39m[2m/@fs/C:/Users/maste/Desktop/portfolio/src/App.jsx, /@fs/C:/Users/maste/Desktop/portfolio/src/index.css[22m
[2m7:12:33 am[22m [36m[1m[vite][22m[39m [32mhmr update [39m[2m/@fs/C:/Users/maste/Desktop/portfolio/src/index.css[22m
[2m7:18:45 am[22m [36m[1m[vite][22m[39m [32mhmr update [39m[2m/@fs/C:/Users/maste/Desktop/portfolio/src/components/Hero.jsx, /@fs/C:/Users/maste/Desktop/portfolio/src/index.css[22m
[2m7:18:45 am[22m [36m[1m[vite][22m[39m [32mhmr update [39m[2m/@fs/C:/Users/maste/Desktop/portfolio/src/components/Hero.jsx, /@fs/C:/Users/maste/Desktop/portfolio/src/index.css[22m
[2m7:18:50 am[22m [36m[1m[vite][22m[39m [32mhmr update [39m[2m/@fs/C:/Users/maste/Desktop/portfolio/src/components/GitHubGraph.jsx, /@fs/C:/Users/maste/Desktop/portfolio/src/index.css[22m
[2m7:19:00 am[22m [36m[1m[vite][22m[39m [32mhmr update [39m[2m/@fs/C:/Users/maste/Desktop/portfolio/src/components/Navbar.jsx, /@fs/C:/Users/maste/Desktop/portfolio/src/index.css[22m
[2m7:19:02 am[22m [36m[1m[vite][22m[39m [32mhmr update [39m[2m/@fs/C:/Users/maste/Desktop/portfolio/src/components/Projects.jsx, /@fs/C:/Users/maste/Desktop/portfolio/src/index.css[22m
[2m7:19:09 am[22m [36m[1m[vite][22m[39m [32mhmr update [39m[2m/@fs/C:/Users/maste/Desktop/portfolio/src/components/TechStack.jsx, /@fs/C:/Users/maste/Desktop/portfolio/src/index.css[22m
[2m7:19:23 am[22m [36m[1m[vite][22m[39m [32mhmr update [39m[2m/@fs/C:/Users/maste/Desktop/portfolio/src/components/Achievements.jsx, /@fs/C:/Users/maste/Desktop/portfolio/src/index.css[22m
[2m7:19:25 am[22m [36m[1m[vite][22m[39m [32mhmr update [39m[2m/@fs/C:/Users/maste/Desktop/portfolio/src/components/Contact.jsx, /@fs/C:/Users/maste/Desktop/portfolio/src/index.css[22m
[2m7:21:28 am[22m [36m[1m[vite][22m[39m [32mpage reload [39m[2mindex.html[22m
[2m7:21:28 am[22m [36m[1m[vite][22m[39m [32mpage reload [39m[2mindex.html[22m
[2m7:21:33 am[22m [36m[1m[vite][22m[39m [32mvite.config.js changed, restarting server...[39m
[2m7:21:33 am[22m [36m[1m[vite][22m[39m [32mvite.config.js changed, restarting server...[39m
[2m7:21:36 am[22m [36m[1m[vite][22m[39m server restarted.

  [32m➜[39m  [1mLocal[22m:   [36mhttp://localhost:[1m5173[22m/[39m
[2m  [32m➜[39m  [1mNetwork[22m[2m: use [22m[1m--host[22m[2m to expose[22m

  [32m➜[39m  [1mLocal[22m:   [36mhttp://localhost:[1m5173[22m/[39m
[2m  [32m➜[39m  [1mNetwork[22m[2m: use [22m[1m--host[22m[2m to expose[22m
[2m7:21:49 am[22m [36m[1m[vite][22m[39m [32mpage reload [39m[2mC:/Users/maste/Desktop/portfolio/src/main.jsx[22m
[2m2:57:32 pm[22m [36m[1m[vite][22m[39m [32mhmr update [39m[2m/@fs/C:/Users/maste/Desktop/portfolio/src/components/Hero.jsx, /@fs/C:/Users/maste/Desktop/portfolio/src/index.css[22m
[2m3:03:54 pm[22m [36m[1m[vite][22m[39m [32mhmr update [39m[2m/@fs/C:/Users/maste/Desktop/portfolio/src/index.css[22m
[2m3:04:16 pm[22m [36m[1m[vite][22m[39m [32mhmr update [39m[2m/@fs/C:/Users/maste/Desktop/portfolio/src/App.jsx, /@fs/C:/Users/maste/Desktop/portfolio/src/index.css[22m
[2m3:04:54 pm[22m [36m[1m[vite][22m[39m [32mhmr update [39m[2m/@fs/C:/Users/maste/Desktop/portfolio/src/components/Hero.jsx, /@fs/C:/Users/maste/Desktop/portfolio/src/index.css[22m
[2m3:05:19 pm[22m [36m[1m[vite][22m[39m [32mhmr update [39m[2m/@fs/C:/Users/maste/Desktop/portfolio/src/components/Projects.jsx, /@fs/C:/Users/maste/Desktop/portfolio/src/index.css[22m
[2m3:05:43 pm[22m [36m[1m[vite][22m[39m [32mhmr update [39m[2m/@fs/C:/Users/maste/Desktop/portfolio/src/components/TechStack.jsx, /@fs/C:/Users/maste/Desktop/portfolio/src/index.css[22m
[2m3:05:45 pm[22m [36m[1m[vite][22m[39m [32mhmr update [39m[2m/@fs/C:/Users/maste/Desktop/portfolio/src/components/Achievements.jsx, /@fs/C:/Users/maste/Desktop/portfolio/src/index.css[22m
[2m3:05:47 pm[22m [36m[1m[vite][22m[39m [32mhmr update [39m[2m/@fs/C:/Users/maste/Desktop/portfolio/src/components/Contact.jsx, /@fs/C:/Users/maste/Desktop/portfolio/src/index.css[22m
[2m3:14:15 pm[22m [36m[1m[vite][22m[39m [32mhmr update [39m[2m/@fs/C:/Users/maste/Desktop/portfolio/src/components/Hero.jsx, /@fs/C:/Users/maste/Desktop/portfolio/src/index.css[22m
[2m3:14:51 pm[22m [36m[1m[vite][22m[39m [32mhmr update [39m[2m/@fs/C:/Users/maste/Desktop/portfolio/src/index.css, /@fs/C:/Users/maste/Desktop/portfolio/src/components/Projects.jsx[22m
[2m3:14:53 pm[22m [36m[1m[vite][22m[39m [32mhmr update [39m[2m/@fs/C:/Users/maste/Desktop/portfolio/src/components/Projects.jsx, /@fs/C:/Users/maste/Desktop/portfolio/src/index.css[22m
[2m3:15:14 pm[22m [36m[1m[vite][22m[39m [32mhmr update [39m[2m/@fs/C:/Users/maste/Desktop/portfolio/src/components/Projects.jsx, /@fs/C:/Users/maste/Desktop/portfolio/src/index.css[22m
[2m3:15:29 pm[22m [36m[1m[vite][22m[39m [32mhmr update [39m[2m/@fs/C:/Users/maste/Desktop/portfolio/src/index.css[22m
[2m3:15:31 pm[22m [36m[1m[vite][22m[39m [32mhmr update [39m[2m/@fs/C:/Users/maste/Desktop/portfolio/src/components/HoverStars.jsx, /@fs/C:/Users/maste/Desktop/portfolio/src/index.css[22m
[2m3:22:45 pm[22m [36m[1m[vite][22m[39m [32mhmr update [39m[2m/@fs/C:/Users/maste/Desktop/portfolio/src/components/Hero.jsx, /@fs/C:/Users/maste/Desktop/portfolio/src/index.css[22m
[2m3:23:08 pm[22m [36m[1m[vite][22m[39m [32mhmr update [39m[2m/@fs/C:/Users/maste/Desktop/portfolio/src/App.jsx, /@fs/C:/Users/maste/Desktop/portfolio/src/index.css[22m
[2m3:23:10 pm[22m [36m[1m[vite][22m[39m [32mhmr update [39m[2m/@fs/C:/Users/maste/Desktop/portfolio/src/index.css[22m
[2m3:28:53 pm[22m [36m[1m[vite][22m[39m [32mhmr update [39m[2m/@fs/C:/Users/maste/Desktop/portfolio/src/components/Hero.jsx, /@fs/C:/Users/maste/Desktop/portfolio/src/index.css[22m
[2m3:31:48 pm[22m [36m[1m[vite][22m[39m [32mhmr update [39m[2m/@fs/C:/Users/maste/Desktop/portfolio/src/components/TechStack.jsx, /@fs/C:/Users/maste/Desktop/portfolio/src/index.css[22m
[2m3:34:39 pm[22m [36m[1m[vite][22m[39m [32mhmr update [39m[2m/@fs/C:/Users/maste/Desktop/portfolio/src/components/Hero.jsx, /@fs/C:/Users/maste/Desktop/portfolio/src/index.css[22m
[2m3:35:46 pm[22m [36m[1m[vite][22m[39m [32mhmr update [39m[2m/@fs/C:/Users/maste/Desktop/portfolio/src/components/Hero.jsx, /@fs/C:/Users/maste/Desktop/portfolio/src/index.css[22m
[2m3:38:06 pm[22m [36m[1m[vite][22m[39m [32mhmr update [39m[2m/@fs/C:/Users/maste/Desktop/portfolio/src/components/Hero.jsx, /@fs/C:/Users/maste/Desktop/portfolio/src/index.css[22m
[2m3:41:17 pm[22m [36m[1m[vite][22m[39m [32mhmr update [39m[2m/@fs/C:/Users/maste/Desktop/portfolio/src/components/GitHubGraph.jsx, /@fs/C:/Users/maste/Desktop/portfolio/src/index.css[22m
[2m3:41:19 pm[22m [36m[1m[vite][22m[39m [32mhmr update [39m[2m/@fs/C:/Users/maste/Desktop/portfolio/src/index.css[22m
[2m3:43:01 pm[22m [36m[1m[vite][22m[39m [32mhmr update [39m[2m/@fs/C:/Users/maste/Desktop/portfolio/src/components/Hero.jsx, /@fs/C:/Users/maste/Desktop/portfolio/src/index.css[22m
[2m3:43:19 pm[22m [36m[1m[vite][22m[39m [32mhmr update [39m[2m/@fs/C:/Users/maste/Desktop/portfolio/src/index.css[22m
[2m3:44:39 pm[22m [36m[1m[vite][22m[39m [32mhmr update [39m[2m/@fs/C:/Users/maste/Desktop/portfolio/src/components/GitHubGraph.jsx, /@fs/C:/Users/maste/Desktop/portfolio/src/index.css[22m
[2m3:47:06 pm[22m [36m[1m[vite][22m[39m [32mhmr update [39m[2m/@fs/C:/Users/maste/Desktop/portfolio/src/components/Hero.jsx, /@fs/C:/Users/maste/Desktop/portfolio/src/index.css[22m
[2m3:47:23 pm[22m [36m[1m[vite][22m[39m [32mhmr update [39m[2m/@fs/C:/Users/maste/Desktop/portfolio/src/index.css[22m
